// Jest Snapshot v1, https://goo.gl/fbAQLP

exports[`BlogPage BlogPage Snapshot test 1`] = `
<styled.div>
  <HeaderComponent />
  <styled.main>
    <Connect(PostsList) />
  </styled.main>
  <styled.aside>
    <Connect(PostsListFilter) />
    <Connect(RecentPosts) />
  </styled.aside>
</styled.div>
`;

exports[`BlogPage Snapshot test 1`] = `
<styled.div>
  <HeaderComponent />
  <styled.main>
    <Connect(PostsList) />
  </styled.main>
  <styled.aside>
    <Connect(PostsListFilter) />
    <Connect(RecentPosts) />
  </styled.aside>
</styled.div>
`;
