// Jest Snapshot v1, https://goo.gl/fbAQLP

exports[`PostPage Snapshot test 1`] = `
<styled.div>
  <HeaderComponent />
  <styled.main>
    <styled.div
      onClick={[Function]}
    >
      <styled.div />
      <styled.div />
    </styled.div>
    <styled.h1>
      AssCo has revamped the theory of versioning
    </styled.h1>
    <styled.p>
      We will mesh the buzzword "strategic". Our feature set is unparalleled, but our subscriber-defined CAE and non-complex configuration is invariably considered a remarkable achievement. What does the commonly-used commonly-used term "strategic" really mean? Think ultra-long-term. The reporting factor can be summed up in one word: B2B2C. Think clicks-and-mortar. We believe we know that it is better to enhance compellingly than to monetize dynamically. Think real-time, backward-compatible. The ability to synergize macro-holistically leads to the capability to envisioneer holistically. The implementation factor can be summed up in one word: six-sigma.
    </styled.p>
    <styled.p>
      Author: 
      Zinnia Rickard
    </styled.p>
    <styled.p>
      Data: 
      2017-04-12
    </styled.p>
  </styled.main>
  <styled.aside>
    <Connect(RecentPosts) />
  </styled.aside>
</styled.div>
`;
